../Core/Src/main.c:81:6:HAL_UART_RxCpltCallback	16	static
../Core/Src/main.c:90:6:UART_Task	192	static
../Core/Src/main.c:127:5:main	40	static
../Core/Src/main.c:216:6:SystemClock_Config	72	static
../Core/Src/main.c:256:13:MX_TIM3_Init	48	static
../Core/Src/main.c:305:13:MX_USART2_UART_Init	8	static
../Core/Src/main.c:338:13:MX_GPIO_Init	40	static
../Core/Src/main.c:385:6:StartDefaultTask	16	static
../Core/Src/main.c:404:6:HAL_TIM_PeriodElapsedCallback	16	static
../Core/Src/main.c:421:6:Error_Handler	4	static,ignoring_inline_asm
