../Core/Src/main.c:78:6:HAL_UART_RxCpltCallback	16	static
../Core/Src/main.c:91:6:UART_Task	160	static
../Core/Src/main.c:125:5:main	16	static
../Core/Src/main.c:210:6:SystemClock_Config	72	static
../Core/Src/main.c:250:13:MX_TIM3_Init	48	static
../Core/Src/main.c:299:13:MX_USART2_UART_Init	8	static
../Core/Src/main.c:332:13:MX_GPIO_Init	40	static
../Core/Src/main.c:379:6:StartDefaultTask	16	static
../Core/Src/main.c:398:6:HAL_TIM_PeriodElapsedCallback	16	static
../Core/Src/main.c:415:6:Error_Handler	4	static,ignoring_inline_asm
