17:48:01 **** Incremental Build of configuration Debug for project UART_PWM ****
make -j6 all 
arm-none-eabi-gcc "../Core/Src/main.c" -mcpu=cortex-m3 -std=gnu11 -g3 -DDEBUG -DUSE_HAL_DRIVER -DSTM32F103xB -c -I../Core/Inc -I../Drivers/STM32F1xx_HAL_Driver/Inc -I../Drivers/STM32F1xx_HAL_Driver/Inc/Legacy -I../Drivers/CMSIS/Device/ST/STM32F1xx/Include -I../Drivers/CMSIS/Include -I../Middlewares/Third_Party/FreeRTOS/Source/include -I../Middlewares/Third_Party/FreeRTOS/Source/CMSIS_RTOS_V2 -I../Middlewares/Third_Party/FreeRTOS/Source/portable/GCC/ARM_CM3 -O0 -ffunction-sections -fdata-sections -Wall -fstack-usage -fcyclomatic-complexity -MMD -MP -MF"Core/Src/main.d" -MT"Core/Src/main.o" --specs=nano.specs -mfloat-abi=soft -mthumb -o "Core/Src/main.o"
arm-none-eabi-gcc -o "UART_PWM.elf" @"objects.list"   -mcpu=cortex-m3 -T"C:\Users\D10180\Desktop\project\UART_PWM\STM32F103RBTX_FLASH.ld" --specs=nosys.specs -Wl,-Map="UART_PWM.map" -Wl,--gc-sections -static --specs=nano.specs -mfloat-abi=soft -mthumb -Wl,--start-group -lc -lm -Wl,--end-group
Finished building target: UART_PWM.elf
 
arm-none-eabi-size  UART_PWM.elf 
arm-none-eabi-objdump -h -S UART_PWM.elf  > "UART_PWM.list"
   text	   data	    bss	    dec	    hex	filename
  27172	    104	   8752	  36028	   8cbc	UART_PWM.elf
Finished building: default.size.stdout
 
Finished building: UART_PWM.list
 
