15:37:40 **** Incremental Build of configuration Debug for project Timer ****
make -j6 all 
arm-none-eabi-gcc "../Core/Src/main.c" -mcpu=cortex-m3 -std=gnu11 -g3 -DDEBUG -DUSE_HAL_DRIVER -DSTM32F103xB -c -I../Core/Inc -I../Drivers/STM32F1xx_HAL_Driver/Inc -I../Drivers/STM32F1xx_HAL_Driver/Inc/Legacy -I../Drivers/CMSIS/Device/ST/STM32F1xx/Include -I../Drivers/CMSIS/Include -O0 -ffunction-sections -fdata-sections -Wall -fstack-usage -fcyclomatic-complexity -MMD -MP -MF"Core/Src/main.d" -MT"Core/Src/main.o" --specs=nano.specs -mfloat-abi=soft -mthumb -o "Core/Src/main.o"
../Core/Src/main.c: In function 'HAL_TIM_PeriodElapsedCallback':
../Core/Src/main.c:69:11: warning: implicit declaration of function 'SystemRun' [-Wimplicit-function-declaration]
   69 |           SystemRun();
      |           ^~~~~~~~~
../Core/Src/main.c: At top level:
../Core/Src/main.c:95:6: warning: conflicting types for 'SystemRun'; have 'void()'
   95 | void SystemRun()
      |      ^~~~~~~~~
../Core/Src/main.c:69:11: note: previous implicit declaration of 'SystemRun' with type 'void()'
   69 |           SystemRun();
      |           ^~~~~~~~~
arm-none-eabi-gcc -o "Timer.elf" @"objects.list"   -mcpu=cortex-m3 -T"C:\Users\D10180\Desktop\project\Timer\STM32F103RBTX_FLASH.ld" --specs=nosys.specs -Wl,-Map="Timer.map" -Wl,--gc-sections -static --specs=nano.specs -mfloat-abi=soft -mthumb -Wl,--start-group -lc -lm -Wl,--end-group
Finished building target: Timer.elf
 
arm-none-eabi-size  Timer.elf 
arm-none-eabi-objdump -h -S Timer.elf  > "Timer.list"
   text	   data	    bss	    dec	    hex	filename
  10948	     20	   1716	  12684	   318c	Timer.elf
Finished building: default.size.stdout
 
Finished building: Timer.list
 

15:37:41 Build Finished. 0 errors, 2 warnings. (took 713ms)

